[www.athenastudio.co/themes/naxos/image.html]
[backblue.gif]
[fade.gif]
[index.html]
[www.athenastudio.co/themes/naxos/images/favicon.ico]
[www.athenastudio.co/themes/naxos/assets/library/bootstrap/css/bootstrap.min.css]
[www.athenastudio.co/themes/naxos/assets/library/fontawesome/css/all.min.css]
[www.athenastudio.co/themes/naxos/assets/library/linea/arrows/styles.css]
[www.athenastudio.co/themes/naxos/assets/library/linea/basic/styles.css]
[www.athenastudio.co/themes/naxos/assets/library/linea/ecommerce/styles.css]
[www.athenastudio.co/themes/naxos/assets/library/linea/software/styles.css]
[www.athenastudio.co/themes/naxos/assets/library/linea/weather/styles.css]
[www.athenastudio.co/themes/naxos/assets/library/animate/animate.css]
[www.athenastudio.co/themes/naxos/assets/library/lightcase/css/lightcase.css]
[www.athenastudio.co/themes/naxos/assets/library/swiper/swiper-bundle.min.css]
[www.athenastudio.co/themes/naxos/assets/library/owlcarousel/owl.carousel.min.css]
[www.athenastudio.co/themes/naxos/assets/library/slick/slick.css]
[www.athenastudio.co/themes/naxos/assets/library/magnificpopup/magnific-popup.css]
[www.athenastudio.co/themes/naxos/assets/library/ytplayer/css/jquery.mb.ytplayer.min.css]
[www.athenastudio.co/themes/naxos/assets/css/style.css]
[www.athenastudio.co/themes/naxos/assets/css/media.css]
[www.athenastudio.co/themes/naxos/assets/colors/blue.css]
[www.athenastudio.co/themes/naxos/assets/library/settings/settings.css]
[www.athenastudio.co/themes/naxos/images/logo-white.png]
[www.athenastudio.co/themes/naxos/images/logo.png]
[www.athenastudio.co/themes/naxos/blog.html]
[www.athenastudio.co/themes/naxos/contact.html]
[www.athenastudio.co/themes/naxos/images/banner/single-welcome.png]
[www.athenastudio.co/themes/naxos/images/clients/company-1.png]
[www.athenastudio.co/themes/naxos/images/clients/company-2.png]
[www.athenastudio.co/themes/naxos/images/clients/company-3.png]
[www.athenastudio.co/themes/naxos/images/clients/company-4.png]
[www.athenastudio.co/themes/naxos/images/clients/company-5.png]
[www.athenastudio.co/themes/naxos/images/clients/company-6.png]
[www.athenastudio.co/themes/naxos/images/clients/company-7.png]
[www.athenastudio.co/themes/naxos/images/clients/company-8.png]
[www.athenastudio.co/themes/naxos/images/features/awesome-features.png]
[www.athenastudio.co/themes/naxos/images/parallax/video.jpg]
[www.athenastudio.co/themes/naxos/images/overview/track-time.png]
[www.athenastudio.co/themes/naxos/images/overview/daily-schedule.png]
[www.athenastudio.co/themes/naxos/images/testimonials/client-1.jpg]
[www.athenastudio.co/themes/naxos/images/testimonials/client-2.jpg]
[www.athenastudio.co/themes/naxos/images/testimonials/client-3.jpg]
[www.athenastudio.co/themes/naxos/images/testimonials/client-4.jpg]
[www.athenastudio.co/themes/naxos/images/testimonials/client-5.jpg]
[www.athenastudio.co/themes/naxos/images/testimonials/client-6.jpg]
[www.athenastudio.co/themes/naxos/images/testimonials/client-7.jpg]
[www.athenastudio.co/themes/naxos/images/testimonials/client-8.jpg]
[www.athenastudio.co/themes/naxos/images/testimonials/client-9.jpg]
[www.athenastudio.co/themes/naxos/images/parallax/counters.jpg]
[www.athenastudio.co/themes/naxos/images/team/member-1.jpg]
[www.athenastudio.co/themes/naxos/worker.html]
[www.athenastudio.co/themes/naxos/images/team/member-2.jpg]
[www.athenastudio.co/themes/naxos/images/team/member-3.jpg]
[www.athenastudio.co/themes/naxos/images/team/member-4.jpg]
[www.athenastudio.co/themes/naxos/images/screenshots/screenshot-1.jpg]
[www.athenastudio.co/themes/naxos/images/screenshots/screenshot-2.jpg]
[www.athenastudio.co/themes/naxos/images/screenshots/screenshot-3.jpg]
[www.athenastudio.co/themes/naxos/images/screenshots/screenshot-4.jpg]
[www.athenastudio.co/themes/naxos/images/screenshots/screenshot-5.jpg]
[www.athenastudio.co/themes/naxos/images/screenshots/screenshot-6.jpg]
[www.athenastudio.co/themes/naxos/images/screenshots/screenshot-7.jpg]
[www.athenastudio.co/themes/naxos/images/screenshots/screenshot-8.jpg]
[www.athenastudio.co/themes/naxos/images/parallax/subscribe.jpg]
[www.athenastudio.co/themes/naxos/blog-post.html]
[www.athenastudio.co/themes/naxos/images/blog/post-1.jpg]
[www.athenastudio.co/themes/naxos/images/blog/post-2.jpg]
[www.athenastudio.co/themes/naxos/images/blog/post-3.jpg]
[www.athenastudio.co/themes/naxos/images/mobile-phone.png]
[www.athenastudio.co/cdn-cgi/scripts/5c5dd728/cloudflare-static/email-decode.min.js]
[www.athenastudio.co/themes/naxos/assets/library/jquery/jquery.js]
[www.athenastudio.co/themes/naxos/assets/library/jquery/jquery-easing.js]
[www.athenastudio.co/themes/naxos/assets/library/bootstrap/js/bootstrap.min.js]
[www.athenastudio.co/themes/naxos/assets/library/retina/retina.min.js]
[www.athenastudio.co/themes/naxos/assets/library/backstretch/jquery.backstretch.min.js]
[www.athenastudio.co/themes/naxos/assets/library/swiper/swiper-bundle.min.js]
[www.athenastudio.co/themes/naxos/assets/library/owlcarousel/owl.carousel.min.js]
[www.athenastudio.co/themes/naxos/assets/library/slick/slick.js]
[www.athenastudio.co/themes/naxos/assets/library/waypoints/jquery.waypoints.min.js]
[www.athenastudio.co/themes/naxos/assets/library/isotope/isotope.pkgd.min.js]
[www.athenastudio.co/themes/naxos/assets/library/waitforimages/jquery.waitforimages.min.js]
[www.athenastudio.co/themes/naxos/assets/library/lightcase/js/lightcase.js]
[www.athenastudio.co/themes/naxos/assets/library/wow/wow.min.js]
[www.athenastudio.co/themes/naxos/assets/library/parallax/jquery.parallax.min.js]
[www.athenastudio.co/themes/naxos/assets/library/counterup/jquery.counterup.min.js]
[www.athenastudio.co/themes/naxos/assets/library/magnificpopup/jquery.magnific-popup.min.js]
[www.athenastudio.co/themes/naxos/assets/library/ytplayer/jquery.mb.ytplayer.min.js]
[www.athenastudio.co/themes/naxos/assets/js/main.js]
[www.athenastudio.co/themes/naxos/assets/library/settings/jquery.cookies.min.js]
[www.athenastudio.co/themes/naxos/assets/library/settings/settings.js]
[www.athenastudio.co/themes/naxos/image.html]
[www.athenastudio.co/themes/naxos/assets/library/bootstrap/css/bootstrap.min.css]
[www.athenastudio.co/cdn-cgi/challenge-platform/h/g/scripts/jsd/ec4b873d446c/maind41d.js]
[www.athenastudio.co/themes/naxos/assets/library/fontawesome/webfonts/fa-brands-400.eot]
[www.athenastudio.co/themes/naxos/assets/library/fontawesome/webfonts/fa-brands-400d41d.eot]
[www.athenastudio.co/themes/naxos/assets/library/fontawesome/webfonts/fa-brands-400.woff2]
[www.athenastudio.co/themes/naxos/assets/library/fontawesome/webfonts/fa-brands-400.woff]
[www.athenastudio.co/themes/naxos/assets/library/fontawesome/webfonts/fa-brands-400.ttf]
[www.athenastudio.co/themes/naxos/assets/library/fontawesome/webfonts/fa-brands-400.svg]
[www.athenastudio.co/themes/naxos/assets/library/fontawesome/webfonts/fa-regular-400.eot]
[www.athenastudio.co/themes/naxos/assets/library/fontawesome/webfonts/fa-regular-400d41d.eot]
[www.athenastudio.co/themes/naxos/assets/library/fontawesome/webfonts/fa-regular-400.woff2]
[www.athenastudio.co/themes/naxos/assets/library/fontawesome/webfonts/fa-regular-400.woff]
[www.athenastudio.co/themes/naxos/assets/library/fontawesome/webfonts/fa-regular-400.ttf]
[www.athenastudio.co/themes/naxos/assets/library/fontawesome/webfonts/fa-regular-400.svg]
[www.athenastudio.co/themes/naxos/assets/library/fontawesome/webfonts/fa-solid-900.eot]
[www.athenastudio.co/themes/naxos/assets/library/fontawesome/webfonts/fa-solid-900d41d.eot]
[www.athenastudio.co/themes/naxos/assets/library/fontawesome/webfonts/fa-solid-900.woff2]
[www.athenastudio.co/themes/naxos/assets/library/fontawesome/webfonts/fa-solid-900.woff]
[www.athenastudio.co/themes/naxos/assets/library/fontawesome/webfonts/fa-solid-900.ttf]
[www.athenastudio.co/themes/naxos/assets/library/fontawesome/css/all.min.css]
[www.athenastudio.co/themes/naxos/assets/library/fontawesome/webfonts/fa-solid-900.svg]
[www.athenastudio.co/themes/naxos/assets/library/linea/arrows/fonts/linea-arrows-10.eot]
[www.athenastudio.co/themes/naxos/assets/library/linea/arrows/fonts/linea-arrows-10d41d.eot]
[www.athenastudio.co/themes/naxos/assets/library/linea/arrows/fonts/linea-arrows-10.woff]
[www.athenastudio.co/themes/naxos/assets/library/linea/arrows/fonts/linea-arrows-10.ttf]
[www.athenastudio.co/themes/naxos/assets/library/linea/arrows/styles.css]
[www.athenastudio.co/themes/naxos/assets/library/linea/arrows/fonts/linea-arrows-10.svg]
[www.athenastudio.co/themes/naxos/assets/library/linea/basic/fonts/linea-basic-10.eot]
[www.athenastudio.co/themes/naxos/assets/library/linea/basic/fonts/linea-basic-10d41d.eot]
[www.athenastudio.co/themes/naxos/assets/library/linea/basic/fonts/linea-basic-10.woff]
[www.athenastudio.co/themes/naxos/assets/library/linea/basic/fonts/linea-basic-10.ttf]
[www.athenastudio.co/themes/naxos/assets/library/linea/basic/styles.css]
[www.athenastudio.co/themes/naxos/assets/library/linea/basic/fonts/linea-basic-10.svg]
[www.athenastudio.co/themes/naxos/assets/library/linea/ecommerce/fonts/linea-ecommerce-10.eot]
[www.athenastudio.co/themes/naxos/assets/library/linea/ecommerce/fonts/linea-ecommerce-10d41d.eot]
[www.athenastudio.co/themes/naxos/assets/library/linea/ecommerce/fonts/linea-ecommerce-10.woff]
[www.athenastudio.co/themes/naxos/assets/library/linea/ecommerce/fonts/linea-ecommerce-10.ttf]
[www.athenastudio.co/themes/naxos/assets/library/linea/ecommerce/styles.css]
[www.athenastudio.co/themes/naxos/assets/library/linea/ecommerce/fonts/linea-ecommerce-10.svg]
[www.athenastudio.co/themes/naxos/assets/library/linea/software/fonts/linea-software-10.eot]
[www.athenastudio.co/themes/naxos/assets/library/linea/software/fonts/linea-software-10d41d.eot]
[www.athenastudio.co/themes/naxos/assets/library/linea/software/fonts/linea-software-10.woff]
[www.athenastudio.co/themes/naxos/assets/library/linea/software/fonts/linea-software-10.ttf]
[www.athenastudio.co/themes/naxos/assets/library/linea/software/styles.css]
[www.athenastudio.co/themes/naxos/assets/library/linea/software/fonts/linea-software-10.svg]
[www.athenastudio.co/themes/naxos/assets/library/linea/weather/fonts/linea-weather-10.eot]
[www.athenastudio.co/themes/naxos/assets/library/linea/weather/fonts/linea-weather-10d41d.eot]
[www.athenastudio.co/themes/naxos/assets/library/linea/weather/fonts/linea-weather-10.woff]
[www.athenastudio.co/themes/naxos/assets/library/linea/weather/fonts/linea-weather-10.ttf]
[www.athenastudio.co/themes/naxos/assets/library/linea/weather/styles.css]
[www.athenastudio.co/themes/naxos/assets/library/animate/animate.css]
[www.athenastudio.co/themes/naxos/assets/library/linea/weather/fonts/linea-weather-10.svg]
[www.athenastudio.co/themes/naxos/assets/library/lightcase/fonts/lightcaseeead.eot]
[www.athenastudio.co/themes/naxos/assets/library/lightcase/fonts/lightcaseeead.woff]
[www.athenastudio.co/themes/naxos/assets/library/lightcase/fonts/lightcaseeead.ttf]
[www.athenastudio.co/themes/naxos/assets/library/lightcase/css/lightcase.css]
[www.athenastudio.co/themes/naxos/assets/library/swiper/swiper-bundle.min.css]
[www.athenastudio.co/themes/naxos/assets/library/lightcase/fonts/lightcaseeead.svg]
[www.athenastudio.co/themes/naxos/assets/library/owlcarousel/owl.video.play.png]
[www.athenastudio.co/themes/naxos/assets/library/owlcarousel/owl.carousel.min.css]
[www.athenastudio.co/themes/naxos/assets/library/slick/slick.css]
[www.athenastudio.co/themes/naxos/assets/library/magnificpopup/magnific-popup.css]
[www.athenastudio.co/themes/naxos/assets/library/ytplayer/css/jquery.mb.ytplayer.min.css]
[www.athenastudio.co/themes/naxos/assets/library/ytplayer/css/font/ytp-regular.eot]
[www.athenastudio.co/themes/naxos/assets/images/bg-wave/wave-1.png]
[www.athenastudio.co/themes/naxos/assets/images/bg-wave/wave-2.png]
[www.athenastudio.co/themes/naxos/assets/images/bg-wave/wave-3.png]
[www.athenastudio.co/themes/naxos/assets/images/bg-curve.png]
[www.athenastudio.co/themes/naxos/assets/images/bg-oval.png]
[www.athenastudio.co/themes/naxos/assets/css/style.css]
[www.athenastudio.co/themes/naxos/assets/css/media.css]
[www.athenastudio.co/themes/naxos/assets/colors/blue.css]
[www.athenastudio.co/themes/naxos/assets/images/map-controller.svg]
[www.athenastudio.co/themes/naxos/assets/library/settings/images/icon_panel.png]
[www.athenastudio.co/themes/naxos/assets/library/settings/settings.css]
[www.athenastudio.co/themes/naxos/images/parallax/blog.jpg]
[www.athenastudio.co/themes/naxos/images/blog/post-slide-1.jpg]
[www.athenastudio.co/themes/naxos/images/blog/post-slide-2.jpg]
[www.athenastudio.co/themes/naxos/images/blog/post-image.jpg]
[www.athenastudio.co/themes/naxos/images/blog/author.jpg]
[www.athenastudio.co/themes/naxos/images/blog/instagram-1.jpg]
[www.athenastudio.co/themes/naxos/images/blog/instagram-2.jpg]
[www.athenastudio.co/themes/naxos/images/blog/instagram-3.jpg]
[www.athenastudio.co/themes/naxos/images/blog/instagram-4.jpg]
[www.athenastudio.co/themes/naxos/images/blog/instagram-5.jpg]
[www.athenastudio.co/themes/naxos/images/blog/instagram-6.jpg]
[www.athenastudio.co/themes/naxos/images/blog/instagram-7.jpg]
[www.athenastudio.co/themes/naxos/images/blog/instagram-8.jpg]
[www.athenastudio.co/themes/naxos/images/blog/instagram-9.jpg]
[www.athenastudio.co/themes/naxos/images/blog/recent-post-1.jpg]
[www.athenastudio.co/themes/naxos/images/blog/recent-post-2.jpg]
[www.athenastudio.co/themes/naxos/images/blog/recent-post-3.jpg]
[www.athenastudio.co/themes/naxos/blog.html]
[www.athenastudio.co/themes/naxos/images/parallax/contact.jpg]
[www.athenastudio.co/themes/naxos/assets/images/map-marker-blue.png]
[www.athenastudio.co/themes/naxos/contact.html]
[www.athenastudio.co/themes/naxos/images/parallax/worker.jpg]
[www.athenastudio.co/themes/naxos/images/team/worker-single.jpg]
[www.athenastudio.co/themes/naxos/worker.html]
[www.athenastudio.co/themes/naxos/images/parallax/blog-post.jpg]
[www.athenastudio.co/themes/naxos/images/blog/avatar.jpg]
[www.athenastudio.co/themes/naxos/images/blog/people-1.jpg]
[www.athenastudio.co/themes/naxos/images/blog/people-2.jpg]
[www.athenastudio.co/themes/naxos/images/blog/people-no-image.jpg]
[www.athenastudio.co/themes/naxos/blog-post.html]
[www.athenastudio.co/themes/naxos/assets/library/fontawesome/webfonts/fa-brands-400.svg]
[www.athenastudio.co/themes/naxos/assets/library/fontawesome/webfonts/fa-regular-400.svg]
[www.athenastudio.co/themes/naxos/assets/library/fontawesome/webfonts/fa-solid-900.svg]
[www.athenastudio.co/themes/naxos/assets/library/linea/arrows/fonts/linea-arrows-10.svg]
[www.athenastudio.co/themes/naxos/assets/library/linea/basic/fonts/linea-basic-10.svg]
[www.athenastudio.co/themes/naxos/assets/library/linea/ecommerce/fonts/linea-ecommerce-10.svg]
[www.athenastudio.co/themes/naxos/assets/library/linea/software/fonts/linea-software-10.svg]
[www.athenastudio.co/themes/naxos/assets/library/linea/weather/fonts/linea-weather-10.svg]
[www.athenastudio.co/themes/naxos/assets/library/lightcase/fonts/lightcaseeead.svg]
[www.athenastudio.co/themes/naxos/assets/library/owlcarousel/owl.video.play.html]
[www.athenastudio.co/themes/naxos/assets/images/map-controller.svg]
